2024-01-01 10:00:00 INFO Application started
2024-01-01 10:01:00 ERROR Database connection failed
2024-01-01 10:02:00 WARNING Low memory
2024-01-01 10:03:00 ERROR Database connection failed
